============================================================================================== 
Warning! Mixing Conda and module environments may lead to corruption of the
user environment. 
We do not recommend users mixing those two environments unless absolutely
necessary. Note that 
SURF does not provide any support for Conda environment.
For more information, please refer to our software policy page:
https://servicedesk.surf.nl/wiki/display/WIKI/Software+policy+Snellius#SoftwarepolicySnellius-UseofAnacondaandMinicondaenvironmentsonSnellius 

Remember that many packages have already been installed on the system and can
be loaded using 
the 'module load <package__name>' command. If you are uncertain if a package is
already available 
on the system, please use 'module avail' or 'module spider' to search for it.
============================================================================================== 
Running personalized video generation
----------------------------------------------------------------------------------------
python: can't open file '/home/pnair/personalization/generate_j.py': [Errno 2] No such file or directory

JOB STATISTICS
==============
Job ID: 11322002
Cluster: snellius
User/Group: pnair/pnair
State: FAILED (exit code 2)
Nodes: 1
Cores per node: 16
CPU Utilized: 00:00:01
CPU Efficiency: 0.62% of 00:02:40 core-walltime
Job Wall-clock time: 00:00:10
Memory Utilized: 1.47 MB
Memory Efficiency: 0.00% of 180.00 GB (180.00 GB/node)
