============================================================================================== 
Warning! Mixing Conda and module environments may lead to corruption of the
user environment. 
We do not recommend users mixing those two environments unless absolutely
necessary. Note that 
SURF does not provide any support for Conda environment.
For more information, please refer to our software policy page:
https://servicedesk.surf.nl/wiki/display/WIKI/Software+policy+Snellius#SoftwarepolicySnellius-UseofAnacondaandMinicondaenvironmentsonSnellius 

Remember that many packages have already been installed on the system and can
be loaded using 
the 'module load <package__name>' command. If you are uncertain if a package is
already available 
on the system, please use 'module avail' or 'module spider' to search for it.
============================================================================================== 
Running personalized video generation
----------------------------------------------------------------------------------------
/home/pnair/.conda/envs/opensora_prad/lib/python3.10/site-packages/colossalai/shardformer/layer/normalization.py:48: UserWarning: Please install apex from source (https://github.com/NVIDIA/apex) to use the fused RMSNorm kernel
  warnings.warn("Please install apex from source (https://github.com/NVIDIA/apex) to use the fused RMSNorm kernel")
/home/pnair/.conda/envs/opensora_prad/lib/python3.10/site-packages/colossalai/shardformer/layer/normalization.py:93: UserWarning: Please install apex from source (https://github.com/NVIDIA/apex) to use the fused RMSNorm kernel
  warnings.warn(
/home/pnair/.conda/envs/opensora_prad/lib/python3.10/site-packages/xformers/ops/fmha/flash.py:211: FutureWarning: `torch.library.impl_abstract` was renamed to `torch.library.register_fake`. Please use that instead; we will remove `torch.library.impl_abstract` in a future version of PyTorch.
  @torch.library.impl_abstract("xformers_flash::flash_fwd")
/home/pnair/.conda/envs/opensora_prad/lib/python3.10/site-packages/xformers/ops/fmha/flash.py:344: FutureWarning: `torch.library.impl_abstract` was renamed to `torch.library.register_fake`. Please use that instead; we will remove `torch.library.impl_abstract` in a future version of PyTorch.
  @torch.library.impl_abstract("xformers_flash::flash_bwd")
Loading checkpoint shards:   0%|          | 0/2 [00:00<?, ?it/s]Loading checkpoint shards:  50%|█████     | 1/2 [00:05<00:05,  5.51s/it]Loading checkpoint shards: 100%|██████████| 2/2 [00:11<00:00,  5.81s/it]Loading checkpoint shards: 100%|██████████| 2/2 [00:11<00:00,  5.76s/it]
Generating personalized video using i2v_head...
Video generated. Shape: torch.Size([1, 3, 129, 192, 336])
Saved to /home/pnair/Open-Sora/personalization/outputs/personalized/video_256px/video_256px/personalized_video.mp4
Personalized video saved to: /home/pnair/Open-Sora/personalization/outputs/personalized/video_256px

JOB STATISTICS
==============
Job ID: 11323112
Cluster: snellius
User/Group: pnair/pnair
State: COMPLETED (exit code 0)
Nodes: 1
Cores per node: 16
CPU Utilized: 00:02:54
CPU Efficiency: 8.30% of 00:34:56 core-walltime
Job Wall-clock time: 00:02:11
Memory Utilized: 14.09 GB
Memory Efficiency: 7.83% of 180.00 GB (180.00 GB/node)
